2026-05-15 12:27:38,032 | INFO | URL inicial: https://tdn.totvs.com/display/tec/Application+Server
2026-05-15 12:27:38,032 | INFO | Diretório de saída: output
2026-05-15 12:27:38,032 | INFO | Iniciando crawl em https://tdn.totvs.com/display/tec/Application+Server
2026-05-15 12:27:38,032 | INFO | Escopo: dominio=tdn.totvs.com | path_prefix=/display/tec/Application+Server/ | space=Application+Server
2026-05-15 12:27:38,532 | INFO | Mapeando (1/∞, fila=0): https://tdn.totvs.com/display/tec/Application+Server
2026-05-15 12:27:43,271 | INFO | Mapeando (2/∞, fila=1): https://tdn.totvs.com/pages/viewpage.action?pageId=6064745
2026-05-15 12:27:44,975 | INFO | Mapeando (3/∞, fila=39): https://tdn.totvs.com/pages/viewpage.action?pageId=6064934
2026-05-15 12:27:46,636 | INFO | Mapeando (4/∞, fila=50): https://tdn.totvs.com/pages/viewpage.action?pageId=6064885
2026-05-15 12:27:47,965 | INFO | Mapeando (5/∞, fila=49): https://tdn.totvs.com/pages/viewpage.action?pageId=6064839
2026-05-15 12:27:49,340 | INFO | Mapeando (6/∞, fila=53): https://tdn.totvs.com/pages/viewpage.action?pageId=6064796
2026-05-15 12:27:51,829 | INFO | Mapeando (7/∞, fila=67): https://tdn.totvs.com/pages/viewpage.action?pageId=244734923
2026-05-15 12:27:53,259 | INFO | Mapeando (8/∞, fila=66): https://tdn.totvs.com/pages/viewpage.action?pageId=729225417
2026-05-15 12:27:54,561 | INFO | Mapeando (9/∞, fila=65): https://tdn.totvs.com/pages/viewpage.action?pageId=1023297977
2026-05-15 12:27:55,819 | INFO | Mapeando (10/∞, fila=64): https://tdn.totvs.com/pages/viewpage.action?pageId=1034786491
2026-05-15 12:27:57,048 | INFO | Mapeando (11/∞, fila=63): https://tdn.totvs.com/pages/viewpage.action?pageId=6064898
2026-05-15 12:27:58,534 | INFO | Mapeando (12/∞, fila=65): https://tdn.totvs.com/pages/viewpage.action?pageId=725269086
2026-05-15 12:27:59,996 | INFO | Mapeando (13/∞, fila=77): https://tdn.totvs.com/pages/viewpage.action?pageId=307834830
2026-05-15 12:28:01,583 | INFO | Mapeando (14/∞, fila=98): https://tdn.totvs.com/pages/viewpage.action?pageId=6064905
2026-05-15 12:28:02,766 | INFO | Mapeando (15/∞, fila=98): https://tdn.totvs.com/pages/viewpage.action?pageId=552580433
2026-05-15 12:28:04,005 | INFO | Mapeando (16/∞, fila=98): https://tdn.totvs.com/pages/viewpage.action?pageId=448595784
2026-05-15 12:28:05,252 | INFO | Mapeando (17/∞, fila=104): https://tdn.totvs.com/pages/viewpage.action?pageId=448595938
2026-05-15 12:28:06,635 | INFO | Mapeando (18/∞, fila=118): https://tdn.totvs.com/pages/viewpage.action?pageId=644504278
2026-05-15 12:28:07,844 | INFO | Mapeando (19/∞, fila=117): https://tdn.totvs.com/pages/viewpage.action?pageId=6064751
2026-05-15 12:28:09,147 | INFO | Mapeando (20/∞, fila=117): https://tdn.totvs.com/pages/viewpage.action?pageId=208338976
2026-05-15 12:28:10,376 | INFO | Mapeando (21/∞, fila=116): https://tdn.totvs.com/pages/viewpage.action?pageId=6064764
2026-05-15 12:28:12,102 | INFO | Mapeando (22/∞, fila=123): https://tdn.totvs.com/pages/viewpage.action?pageId=6064786
2026-05-15 12:28:13,435 | INFO | Mapeando (23/∞, fila=124): https://tdn.totvs.com/pages/viewpage.action?pageId=6064817
2026-05-15 12:28:15,069 | INFO | Mapeando (24/∞, fila=126): https://tdn.totvs.com/pages/viewpage.action?pageId=135496188
2026-05-15 12:28:16,421 | INFO | Mapeando (25/∞, fila=129): https://tdn.totvs.com/pages/viewpage.action?pageId=550117647
2026-05-15 12:28:17,751 | INFO | Mapeando (26/∞, fila=128): https://tdn.totvs.com/pages/viewpage.action?pageId=6064842
2026-05-15 12:28:19,392 | INFO | Mapeando (27/∞, fila=127): https://tdn.totvs.com/pages/viewpage.action?pageId=6064850
2026-05-15 12:28:20,697 | INFO | Mapeando (28/∞, fila=133): https://tdn.totvs.com/pages/viewpage.action?pageId=203756751
2026-05-15 12:28:21,997 | INFO | Mapeando (29/∞, fila=132): https://tdn.totvs.com/pages/viewpage.action?pageId=6064746
2026-05-15 12:28:23,798 | INFO | Mapeando (30/∞, fila=131): https://tdn.totvs.com/pages/viewpage.action?pageId=538507066
2026-05-15 12:28:25,522 | INFO | Mapeando (31/∞, fila=135): https://tdn.totvs.com/pages/viewpage.action?pageId=695193029
2026-05-15 12:28:27,423 | INFO | Mapeando (32/∞, fila=134): https://tdn.totvs.com/pages/viewpage.action?pageId=6064856
2026-05-15 12:28:28,724 | INFO | Mapeando (33/∞, fila=134): https://tdn.totvs.com/pages/viewpage.action?pageId=6064913
2026-05-15 12:28:29,945 | INFO | Mapeando (34/∞, fila=133): https://tdn.totvs.com/pages/viewpage.action?pageId=270101501
2026-05-15 12:28:31,190 | INFO | Mapeando (35/∞, fila=133): https://tdn.totvs.com/pages/viewpage.action?pageId=6064861
2026-05-15 12:28:32,713 | INFO | Mapeando (36/∞, fila=133): https://tdn.totvs.com/pages/viewpage.action?pageId=6064902
2026-05-15 12:28:34,305 | INFO | Mapeando (37/∞, fila=133): https://tdn.totvs.com/pages/viewpage.action?pageId=6064863
2026-05-15 12:28:35,534 | INFO | Mapeando (38/∞, fila=133): https://tdn.totvs.com/pages/viewpage.action?pageId=367235918
2026-05-15 12:28:37,271 | INFO | Mapeando (39/∞, fila=135): https://tdn.totvs.com/pages/viewpage.action?pageId=6064865
2026-05-15 12:28:39,117 | INFO | Mapeando (40/∞, fila=134): https://tdn.totvs.com/pages/viewpage.action?pageId=268823443
2026-05-15 12:28:40,351 | INFO | Mapeando (41/∞, fila=135): https://tdn.totvs.com/pages/viewpage.action?pageId=6064907
2026-05-15 12:28:41,994 | INFO | Mapeando (42/∞, fila=138): https://tdn.totvs.com/pages/viewpage.action?pageId=892120823
2026-05-15 12:28:43,584 | INFO | Mapeando (43/∞, fila=137): https://tdn.totvs.com/pages/viewpage.action?pageId=545624241
2026-05-15 12:28:44,973 | INFO | Mapeando (44/∞, fila=136): https://tdn.totvs.com/pages/viewpage.action?pageId=552580370
2026-05-15 12:28:46,217 | INFO | Mapeando (45/∞, fila=136): https://tdn.totvs.com/pages/viewpage.action?pageId=860252739
2026-05-15 12:28:47,935 | INFO | Mapeando (46/∞, fila=135): https://tdn.totvs.com/pages/viewpage.action?pageId=319789062
2026-05-15 12:28:49,380 | INFO | Mapeando (47/∞, fila=134): https://tdn.totvs.com/pages/viewpage.action?pageId=6065061
