2026-05-25 17:02:06,884 | INFO | URL inicial: https://tdn.totvs.com/display/public/PROT/CFGTRIB+-+Configurador+de+Tributos+-+P12
2026-05-25 17:02:06,887 | INFO | Diretorio de saida: C:\Users\andre.francisco\Desktop\GitHub (Repositorios)\Extrator_TDN_Totvs\output\CFGTRIB
2026-05-25 17:02:06,889 | INFO | Iniciando crawl em https://tdn.totvs.com/display/public/PROT/CFGTRIB+-+Configurador+de+Tributos+-+P12
2026-05-25 17:02:06,890 | INFO | Escopo: dominio=tdn.totvs.com | path_prefix=/display/public/PROT/ | space=PROT
2026-05-25 17:02:06,891 | INFO | Orcamento por pagina: 120s total | 30s DOM | slow >= 60s
2026-05-25 17:02:09,817 | INFO | Mapeando (1/infinito, fila=0): https://tdn.totvs.com/display/public/PROT/CFGTRIB+-+Configurador+de+Tributos+-+P12
2026-05-25 17:02:12,049 | INFO | Mapeando (2/infinito, fila=21): https://tdn.totvs.com/pages/viewpage.action?pageId=1027814147
2026-05-25 17:02:13,424 | INFO | Nenhum link filho encontrado em https://tdn.totvs.com/pages/viewpage.action?pageId=1027814147
2026-05-25 17:02:13,427 | INFO | Mapeando (3/infinito, fila=20): https://tdn.totvs.com/pages/viewpage.action?pageId=962623217
2026-05-25 17:02:14,712 | INFO | Nenhum link filho encontrado em https://tdn.totvs.com/pages/viewpage.action?pageId=962623217
2026-05-25 17:02:14,714 | INFO | Mapeando (4/infinito, fila=19): https://tdn.totvs.com/pages/viewpage.action?pageId=822223872
2026-05-25 17:02:15,994 | INFO | Mapeando (5/infinito, fila=22): https://tdn.totvs.com/pages/viewpage.action?pageId=825324804
2026-05-25 17:02:17,143 | INFO | Mapeando (6/infinito, fila=23): https://tdn.totvs.com/display/PROT/CFGTRIB+-+Cadastro+de+Mensagens+no+Documento+Fiscal
2026-05-25 17:02:18,496 | INFO | Nenhum link filho encontrado em https://tdn.totvs.com/display/PROT/CFGTRIB+-+Cadastro+de+Mensagens+no+Documento+Fiscal
2026-05-25 17:02:18,508 | INFO | Mapeando (7/infinito, fila=22): https://tdn.totvs.com/pages/viewpage.action?pageId=979039175
2026-05-25 17:02:19,926 | INFO | Nenhum link filho encontrado em https://tdn.totvs.com/pages/viewpage.action?pageId=979039175
2026-05-25 17:02:19,930 | INFO | Mapeando (8/infinito, fila=21): https://tdn.totvs.com/pages/viewpage.action?pageId=676039354
2026-05-25 17:02:22,075 | INFO | Mapeando (9/infinito, fila=30): https://tdn.totvs.com/pages/viewpage.action?pageId=906853167
2026-05-25 17:02:23,046 | INFO | Nenhum link filho encontrado em https://tdn.totvs.com/pages/viewpage.action?pageId=906853167
2026-05-25 17:02:23,049 | INFO | Mapeando (10/infinito, fila=29): https://tdn.totvs.com/pages/viewpage.action?pageId=928965724
2026-05-25 17:02:24,147 | INFO | Nenhum link filho encontrado em https://tdn.totvs.com/pages/viewpage.action?pageId=928965724
2026-05-25 17:02:24,149 | INFO | Mapeando (11/infinito, fila=28): https://tdn.totvs.com/display/PROT/CFGTRIB+-+Compartilhamento+de+Tabelas
2026-05-25 17:02:25,402 | INFO | Nenhum link filho encontrado em https://tdn.totvs.com/display/PROT/CFGTRIB+-+Compartilhamento+de+Tabelas
2026-05-25 17:02:25,404 | INFO | Mapeando (12/infinito, fila=27): https://tdn.totvs.com/display/PROT/CFGTRIB+-+Configurador+de+Tributos
2026-05-25 17:02:28,044 | INFO | Nenhum link filho encontrado em https://tdn.totvs.com/display/PROT/CFGTRIB+-+Configurador+de+Tributos
2026-05-25 17:02:28,048 | INFO | Mapeando (13/infinito, fila=26): https://tdn.totvs.com/display/PROT/CFGTRIB+-+Dados+Adicionais
2026-05-25 17:02:29,200 | INFO | Nenhum link filho encontrado em https://tdn.totvs.com/display/PROT/CFGTRIB+-+Dados+Adicionais
2026-05-25 17:02:29,202 | INFO | Mapeando (14/infinito, fila=25): https://tdn.totvs.com/pages/viewpage.action?pageId=966220651
2026-05-25 17:02:30,377 | INFO | Mapeando (15/infinito, fila=31): https://tdn.totvs.com/pages/viewpage.action?pageId=1016684365
2026-05-25 17:02:31,660 | INFO | Nenhum link filho encontrado em https://tdn.totvs.com/pages/viewpage.action?pageId=1016684365
2026-05-25 17:02:31,663 | INFO | Mapeando (16/infinito, fila=30): https://tdn.totvs.com/pages/viewpage.action?pageId=960010301
2026-05-25 17:02:32,826 | INFO | Nenhum link filho encontrado em https://tdn.totvs.com/pages/viewpage.action?pageId=960010301
2026-05-25 17:02:32,829 | INFO | Mapeando (17/infinito, fila=29): https://tdn.totvs.com/pages/viewpage.action?pageId=942068847
2026-05-25 17:02:34,000 | INFO | Nenhum link filho encontrado em https://tdn.totvs.com/pages/viewpage.action?pageId=942068847
2026-05-25 17:02:34,003 | INFO | Mapeando (18/infinito, fila=28): https://tdn.totvs.com/pages/viewpage.action?pageId=1018572961
2026-05-25 17:02:35,132 | INFO | Nenhum link filho encontrado em https://tdn.totvs.com/pages/viewpage.action?pageId=1018572961
2026-05-25 17:02:35,136 | INFO | Mapeando (19/infinito, fila=27): https://tdn.totvs.com/pages/viewpage.action?pageId=1027813812
2026-05-25 17:02:36,482 | INFO | Nenhum link filho encontrado em https://tdn.totvs.com/pages/viewpage.action?pageId=1027813812
2026-05-25 17:02:36,487 | INFO | Mapeando (20/infinito, fila=26): https://tdn.totvs.com/pages/viewpage.action?pageId=1070065237
2026-05-25 17:02:37,495 | INFO | Nenhum link filho encontrado em https://tdn.totvs.com/pages/viewpage.action?pageId=1070065237
2026-05-25 17:02:37,498 | INFO | Mapeando (21/infinito, fila=25): https://tdn.totvs.com/display/PROT/CFGTRIB+-+Perguntas+e+Respostas+-+Configurador+de+Tributos
2026-05-25 17:02:38,659 | INFO | Nenhum link filho encontrado em https://tdn.totvs.com/display/PROT/CFGTRIB+-+Perguntas+e+Respostas+-+Configurador+de+Tributos
2026-05-25 17:02:38,662 | INFO | Mapeando (22/infinito, fila=24): https://tdn.totvs.com/display/PROT/CFGTRIB+-+Simulador+Comparativo
2026-05-25 17:02:39,860 | INFO | Nenhum link filho encontrado em https://tdn.totvs.com/display/PROT/CFGTRIB+-+Simulador+Comparativo
2026-05-25 17:02:39,864 | INFO | Mapeando (23/infinito, fila=23): https://tdn.totvs.com/pages/viewpage.action?pageId=877863294
2026-05-25 17:02:41,055 | INFO | Nenhum link filho encontrado em https://tdn.totvs.com/pages/viewpage.action?pageId=877863294
2026-05-25 17:02:41,059 | INFO | Mapeando (24/infinito, fila=22): https://tdn.totvs.com/display/PROT/CFGTRIB+-+Frete+Pauta+considerado+nos+registros+C195+e+C197
2026-05-25 17:02:42,461 | INFO | Nenhum link filho encontrado em https://tdn.totvs.com/display/PROT/CFGTRIB+-+Frete+Pauta+considerado+nos+registros+C195+e+C197
2026-05-25 17:02:42,464 | INFO | Mapeando (25/infinito, fila=21): https://tdn.totvs.com/pages/viewpage.action?pageId=889126322
2026-05-25 17:02:43,678 | INFO | Nenhum link filho encontrado em https://tdn.totvs.com/pages/viewpage.action?pageId=889126322
2026-05-25 17:02:43,680 | INFO | Mapeando (26/infinito, fila=20): https://tdn.totvs.com/pages/viewpage.action?pageId=847892777
2026-05-25 17:02:44,954 | INFO | Nenhum link filho encontrado em https://tdn.totvs.com/pages/viewpage.action?pageId=847892777
2026-05-25 17:02:44,957 | INFO | Mapeando (27/infinito, fila=19): https://tdn.totvs.com/pages/viewpage.action?pageId=822223908
2026-05-25 17:02:46,250 | INFO | Nenhum link filho encontrado em https://tdn.totvs.com/pages/viewpage.action?pageId=822223908
2026-05-25 17:02:46,253 | INFO | Mapeando (28/infinito, fila=18): https://tdn.totvs.com/pages/viewpage.action?pageId=825324831
2026-05-25 17:02:47,439 | INFO | Nenhum link filho encontrado em https://tdn.totvs.com/pages/viewpage.action?pageId=825324831
2026-05-25 17:02:47,443 | INFO | Mapeando (29/infinito, fila=17): https://tdn.totvs.com/pages/viewpage.action?pageId=887731155
2026-05-25 17:02:48,587 | INFO | Nenhum link filho encontrado em https://tdn.totvs.com/pages/viewpage.action?pageId=887731155
2026-05-25 17:02:48,592 | INFO | Mapeando (30/infinito, fila=16): https://tdn.totvs.com/display/PROT/CFGTRIB+-+Campos+da+TES
2026-05-25 17:02:49,690 | INFO | Mapeando (31/infinito, fila=16): https://tdn.totvs.com/pages/viewpage.action?pageId=899211861
2026-05-25 17:02:50,807 | INFO | Mapeando (32/infinito, fila=20): https://tdn.totvs.com/pages/viewpage.action?pageId=899211548
2026-05-25 17:02:51,886 | INFO | Mapeando (33/infinito, fila=25): https://tdn.totvs.com/pages/viewpage.action?pageId=899211922
2026-05-25 17:02:52,944 | INFO | Mapeando (34/infinito, fila=26): https://tdn.totvs.com/pages/viewpage.action?pageId=899211646
2026-05-25 17:02:54,108 | INFO | Mapeando (35/infinito, fila=37): https://tdn.totvs.com/pages/viewpage.action?pageId=899211761
2026-05-25 17:02:55,421 | INFO | Mapeando (36/infinito, fila=41): https://tdn.totvs.com/pages/viewpage.action?pageId=899211533
2026-05-25 17:02:56,522 | INFO | Mapeando (37/infinito, fila=45): https://tdn.totvs.com/pages/viewpage.action?pageId=899211948
2026-05-25 17:02:57,655 | INFO | Mapeando (38/infinito, fila=58): https://tdn.totvs.com/display/PROT/CFGTRIB+-+Regras+por+NCM
2026-05-25 17:02:58,727 | INFO | Mapeando (39/infinito, fila=63): https://tdn.totvs.com/display/PROT/CFGTRIB+-+Zona+Franca+de+Manaus
2026-05-25 17:02:59,839 | INFO | Mapeando (40/infinito, fila=68): https://tdn.totvs.com/pages/viewpage.action?pageId=967084466
2026-05-25 17:03:01,057 | INFO | Nenhum link filho encontrado em https://tdn.totvs.com/pages/viewpage.action?pageId=967084466
2026-05-25 17:03:01,059 | INFO | Mapeando (41/infinito, fila=67): https://tdn.totvs.com/pages/viewpage.action?pageId=967084481
2026-05-25 17:03:02,187 | INFO | Nenhum link filho encontrado em https://tdn.totvs.com/pages/viewpage.action?pageId=967084481
2026-05-25 17:03:02,190 | INFO | Mapeando (42/infinito, fila=66): https://tdn.totvs.com/display/PROT/3.+Acesso+a+rotina
2026-05-25 17:03:03,506 | INFO | Nenhum link filho encontrado em https://tdn.totvs.com/display/PROT/3.+Acesso+a+rotina
2026-05-25 17:03:03,509 | INFO | Mapeando (43/infinito, fila=65): https://tdn.totvs.com/display/PROT/4.+Estrutura+da+Rotina
2026-05-25 17:03:05,039 | INFO | Nenhum link filho encontrado em https://tdn.totvs.com/display/PROT/4.+Estrutura+da+Rotina
2026-05-25 17:03:05,042 | INFO | Mapeando (44/infinito, fila=64): https://tdn.totvs.com/display/PROT/5.+Cadastros
2026-05-25 17:03:06,943 | INFO | Nenhum link filho encontrado em https://tdn.totvs.com/display/PROT/5.+Cadastros
2026-05-25 17:03:06,946 | INFO | Mapeando (45/infinito, fila=63): https://tdn.totvs.com/display/PROT/6.+Perfis
2026-05-25 17:03:08,734 | INFO | Nenhum link filho encontrado em https://tdn.totvs.com/display/PROT/6.+Perfis
2026-05-25 17:03:08,737 | INFO | Mapeando (46/infinito, fila=62): https://tdn.totvs.com/display/PROT/How+To+-+Configurador+de+Tributos
2026-05-25 17:03:10,457 | INFO | Mapeando (47/infinito, fila=75): https://tdn.totvs.com/display/PROT/F4_Agreg
2026-05-25 17:03:11,829 | INFO | Nenhum link filho encontrado em https://tdn.totvs.com/display/PROT/F4_Agreg
2026-05-25 17:03:11,832 | INFO | Mapeando (48/infinito, fila=74): https://tdn.totvs.com/pages/viewpage.action?pageId=717702574
2026-05-25 17:03:13,364 | INFO | Nenhum link filho encontrado em https://tdn.totvs.com/pages/viewpage.action?pageId=717702574
2026-05-25 17:03:13,367 | INFO | Mapeando (49/infinito, fila=73): https://tdn.totvs.com/pages/viewpage.action?pageId=815573778
2026-05-25 17:03:14,563 | INFO | Nenhum link filho encontrado em https://tdn.totvs.com/pages/viewpage.action?pageId=815573778
2026-05-25 17:03:14,565 | INFO | Mapeando (50/infinito, fila=72): https://tdn.totvs.com/pages/viewpage.action?pageId=754944152
2026-05-25 17:03:15,895 | INFO | Nenhum link filho encontrado em https://tdn.totvs.com/pages/viewpage.action?pageId=754944152
2026-05-25 17:03:15,898 | INFO | Mapeando (51/infinito, fila=71): https://tdn.totvs.com/pages/viewpage.action?pageId=749048526
2026-05-25 17:03:15,903 | INFO | Rotacionando pagina apos 50 URLs
2026-05-25 17:03:18,277 | INFO | Nenhum link filho encontrado em https://tdn.totvs.com/pages/viewpage.action?pageId=749048526
2026-05-25 17:03:18,281 | INFO | Mapeando (52/infinito, fila=70): https://tdn.totvs.com/pages/viewpage.action?pageId=795100716
2026-05-25 17:03:20,005 | INFO | Nenhum link filho encontrado em https://tdn.totvs.com/pages/viewpage.action?pageId=795100716
2026-05-25 17:03:20,008 | INFO | Mapeando (53/infinito, fila=69): https://tdn.totvs.com/pages/viewpage.action?pageId=862600973
2026-05-25 17:03:21,664 | INFO | Nenhum link filho encontrado em https://tdn.totvs.com/pages/viewpage.action?pageId=862600973
2026-05-25 17:03:21,668 | INFO | Mapeando (54/infinito, fila=68): https://tdn.totvs.com/display/PROT/CFGTRIB+-+FACS+e+FETHAB
2026-05-25 17:03:23,005 | INFO | Nenhum link filho encontrado em https://tdn.totvs.com/display/PROT/CFGTRIB+-+FACS+e+FETHAB
2026-05-25 17:03:23,007 | INFO | Mapeando (55/infinito, fila=67): https://tdn.totvs.com/display/PROT/CFGTRIB+-+FASE+-+Mato+Grosso
2026-05-25 17:03:24,912 | INFO | Nenhum link filho encontrado em https://tdn.totvs.com/display/PROT/CFGTRIB+-+FASE+-+Mato+Grosso
2026-05-25 17:03:24,915 | INFO | Mapeando (56/infinito, fila=66): https://tdn.totvs.com/pages/viewpage.action?pageId=1005880204
2026-05-25 17:03:26,618 | INFO | Nenhum link filho encontrado em https://tdn.totvs.com/pages/viewpage.action?pageId=1005880204
2026-05-25 17:03:26,623 | INFO | Mapeando (57/infinito, fila=65): https://tdn.totvs.com/pages/viewpage.action?pageId=829298503
2026-05-25 17:03:28,639 | INFO | Nenhum link filho encontrado em https://tdn.totvs.com/pages/viewpage.action?pageId=829298503
2026-05-25 17:03:28,644 | INFO | Mapeando (58/infinito, fila=64): https://tdn.totvs.com/display/PROT/CFGTRIB+-+FUNRURAL
2026-05-25 17:03:30,117 | INFO | Nenhum link filho encontrado em https://tdn.totvs.com/display/PROT/CFGTRIB+-+FUNRURAL
2026-05-25 17:03:30,120 | INFO | Mapeando (59/infinito, fila=63): https://tdn.totvs.com/pages/viewpage.action?pageId=889121120
2026-05-25 17:03:31,630 | INFO | Nenhum link filho encontrado em https://tdn.totvs.com/pages/viewpage.action?pageId=889121120
2026-05-25 17:03:31,635 | INFO | Mapeando (60/infinito, fila=62): https://tdn.totvs.com/pages/viewpage.action?pageId=765332384
2026-05-25 17:03:33,349 | INFO | Nenhum link filho encontrado em https://tdn.totvs.com/pages/viewpage.action?pageId=765332384
2026-05-25 17:03:33,353 | INFO | Mapeando (61/infinito, fila=61): https://tdn.totvs.com/pages/viewpage.action?pageId=733200861
2026-05-25 17:03:35,307 | INFO | Nenhum link filho encontrado em https://tdn.totvs.com/pages/viewpage.action?pageId=733200861
2026-05-25 17:03:35,310 | INFO | Mapeando (62/infinito, fila=60): https://tdn.totvs.com/pages/viewpage.action?pageId=781866463
2026-05-25 17:03:36,562 | INFO | Nenhum link filho encontrado em https://tdn.totvs.com/pages/viewpage.action?pageId=781866463
2026-05-25 17:03:36,566 | INFO | Mapeando (63/infinito, fila=59): https://tdn.totvs.com/pages/viewpage.action?pageId=754945793
2026-05-25 17:03:38,410 | INFO | Nenhum link filho encontrado em https://tdn.totvs.com/pages/viewpage.action?pageId=754945793
2026-05-25 17:03:38,413 | INFO | Mapeando (64/infinito, fila=58): https://tdn.totvs.com/pages/viewpage.action?pageId=747332379
2026-05-25 17:03:39,977 | INFO | Nenhum link filho encontrado em https://tdn.totvs.com/pages/viewpage.action?pageId=747332379
2026-05-25 17:03:39,980 | INFO | Mapeando (65/infinito, fila=57): https://tdn.totvs.com/pages/viewpage.action?pageId=720356042
2026-05-25 17:03:41,579 | INFO | Nenhum link filho encontrado em https://tdn.totvs.com/pages/viewpage.action?pageId=720356042
2026-05-25 17:03:41,583 | INFO | Mapeando (66/infinito, fila=56): https://tdn.totvs.com/display/PROT/CFGTRIB-+Diferimento+Total+e+Parcial
2026-05-25 17:03:43,448 | INFO | Nenhum link filho encontrado em https://tdn.totvs.com/display/PROT/CFGTRIB-+Diferimento+Total+e+Parcial
2026-05-25 17:03:43,455 | INFO | Mapeando (67/infinito, fila=55): https://tdn.totvs.com/pages/viewpage.action?pageId=790631456
2026-05-25 17:03:45,260 | INFO | Nenhum link filho encontrado em https://tdn.totvs.com/pages/viewpage.action?pageId=790631456
2026-05-25 17:03:45,264 | INFO | Mapeando (68/infinito, fila=54): https://tdn.totvs.com/pages/viewpage.action?pageId=907923942
2026-05-25 17:03:46,641 | INFO | Nenhum link filho encontrado em https://tdn.totvs.com/pages/viewpage.action?pageId=907923942
2026-05-25 17:03:46,645 | INFO | Mapeando (69/infinito, fila=53): https://tdn.totvs.com/pages/viewpage.action?pageId=1017152063
2026-05-25 17:03:48,249 | INFO | Nenhum link filho encontrado em https://tdn.totvs.com/pages/viewpage.action?pageId=1017152063
2026-05-25 17:03:48,256 | INFO | Mapeando (70/infinito, fila=52): https://tdn.totvs.com/pages/viewpage.action?pageId=916406413
2026-05-25 17:03:49,677 | INFO | Nenhum link filho encontrado em https://tdn.totvs.com/pages/viewpage.action?pageId=916406413
2026-05-25 17:03:49,683 | INFO | Mapeando (71/infinito, fila=51): https://tdn.totvs.com/display/PROT/CFGTRIB+-+ICMS+Desonerado+deduzido+do+Total+do+Documento+Fiscal
2026-05-25 17:03:51,122 | INFO | Nenhum link filho encontrado em https://tdn.totvs.com/display/PROT/CFGTRIB+-+ICMS+Desonerado+deduzido+do+Total+do+Documento+Fiscal
2026-05-25 17:03:51,126 | INFO | Mapeando (72/infinito, fila=50): https://tdn.totvs.com/display/PROT/Complemento+de+ICMS+com+IBS+e+CBS
2026-05-25 17:03:52,763 | INFO | Nenhum link filho encontrado em https://tdn.totvs.com/display/PROT/Complemento+de+ICMS+com+IBS+e+CBS
2026-05-25 17:03:52,768 | INFO | Mapeando (73/infinito, fila=49): https://tdn.totvs.com/pages/viewpage.action?pageId=819065304
2026-05-25 17:03:54,353 | INFO | Nenhum link filho encontrado em https://tdn.totvs.com/pages/viewpage.action?pageId=819065304
2026-05-25 17:03:54,357 | INFO | Mapeando (74/infinito, fila=48): https://tdn.totvs.com/pages/viewpage.action?pageId=754953443
2026-05-25 17:03:55,757 | INFO | Nenhum link filho encontrado em https://tdn.totvs.com/pages/viewpage.action?pageId=754953443
2026-05-25 17:03:55,762 | INFO | Mapeando (75/infinito, fila=47): https://tdn.totvs.com/pages/viewpage.action?pageId=754949331
2026-05-25 17:03:57,392 | INFO | Nenhum link filho encontrado em https://tdn.totvs.com/pages/viewpage.action?pageId=754949331
2026-05-25 17:03:57,395 | INFO | Mapeando (76/infinito, fila=46): https://tdn.totvs.com/pages/viewpage.action?pageId=742210716
2026-05-25 17:03:58,928 | INFO | Nenhum link filho encontrado em https://tdn.totvs.com/pages/viewpage.action?pageId=742210716
2026-05-25 17:03:58,931 | INFO | Mapeando (77/infinito, fila=45): https://tdn.totvs.com/pages/viewpage.action?pageId=765351770
2026-05-25 17:04:00,346 | INFO | Nenhum link filho encontrado em https://tdn.totvs.com/pages/viewpage.action?pageId=765351770
2026-05-25 17:04:00,350 | INFO | Mapeando (78/infinito, fila=44): https://tdn.totvs.com/pages/viewpage.action?pageId=758506302
2026-05-25 17:04:02,391 | INFO | Nenhum link filho encontrado em https://tdn.totvs.com/pages/viewpage.action?pageId=758506302
2026-05-25 17:04:02,395 | INFO | Mapeando (79/infinito, fila=43): https://tdn.totvs.com/pages/viewpage.action?pageId=883057121
2026-05-25 17:04:04,213 | INFO | Nenhum link filho encontrado em https://tdn.totvs.com/pages/viewpage.action?pageId=883057121
2026-05-25 17:04:04,216 | INFO | Mapeando (80/infinito, fila=42): https://tdn.totvs.com/pages/viewpage.action?pageId=759927819
2026-05-25 17:04:05,623 | INFO | Nenhum link filho encontrado em https://tdn.totvs.com/pages/viewpage.action?pageId=759927819
2026-05-25 17:04:05,626 | INFO | Mapeando (81/infinito, fila=41): https://tdn.totvs.com/pages/viewpage.action?pageId=883676152
2026-05-25 17:04:06,949 | INFO | Nenhum link filho encontrado em https://tdn.totvs.com/pages/viewpage.action?pageId=883676152
2026-05-25 17:04:06,953 | INFO | Mapeando (82/infinito, fila=40): https://tdn.totvs.com/pages/viewpage.action?pageId=874588599
2026-05-25 17:04:08,161 | INFO | Nenhum link filho encontrado em https://tdn.totvs.com/pages/viewpage.action?pageId=874588599
2026-05-25 17:04:08,164 | INFO | Mapeando (83/infinito, fila=39): https://tdn.totvs.com/pages/viewpage.action?pageId=705455846
2026-05-25 17:04:09,867 | INFO | Nenhum link filho encontrado em https://tdn.totvs.com/pages/viewpage.action?pageId=705455846
2026-05-25 17:04:09,873 | INFO | Mapeando (84/infinito, fila=38): https://tdn.totvs.com/pages/viewpage.action?pageId=750412459
2026-05-25 17:04:11,783 | INFO | Nenhum link filho encontrado em https://tdn.totvs.com/pages/viewpage.action?pageId=750412459
2026-05-25 17:04:11,788 | INFO | Mapeando (85/infinito, fila=37): https://tdn.totvs.com/pages/viewpage.action?pageId=709404503
2026-05-25 17:04:13,116 | INFO | Nenhum link filho encontrado em https://tdn.totvs.com/pages/viewpage.action?pageId=709404503
2026-05-25 17:04:13,120 | INFO | Mapeando (86/infinito, fila=36): https://tdn.totvs.com/pages/viewpage.action?pageId=1008704252
2026-05-25 17:04:14,906 | INFO | Nenhum link filho encontrado em https://tdn.totvs.com/pages/viewpage.action?pageId=1008704252
2026-05-25 17:04:14,909 | INFO | Mapeando (87/infinito, fila=35): https://tdn.totvs.com/pages/viewpage.action?pageId=947302225
2026-05-25 17:04:16,137 | INFO | Nenhum link filho encontrado em https://tdn.totvs.com/pages/viewpage.action?pageId=947302225
2026-05-25 17:04:16,140 | INFO | Mapeando (88/infinito, fila=34): https://tdn.totvs.com/pages/viewpage.action?pageId=818455557
2026-05-25 17:04:17,772 | INFO | Nenhum link filho encontrado em https://tdn.totvs.com/pages/viewpage.action?pageId=818455557
2026-05-25 17:04:17,776 | INFO | Mapeando (89/infinito, fila=33): https://tdn.totvs.com/pages/viewpage.action?pageId=765330533
2026-05-25 17:04:19,260 | INFO | Nenhum link filho encontrado em https://tdn.totvs.com/pages/viewpage.action?pageId=765330533
2026-05-25 17:04:19,263 | INFO | Mapeando (90/infinito, fila=32): https://tdn.totvs.com/display/PROT/CFGTRIB+-+Complemento+de+Imposto+no+Configurador+de+Tributos
2026-05-25 17:04:20,858 | INFO | Nenhum link filho encontrado em https://tdn.totvs.com/display/PROT/CFGTRIB+-+Complemento+de+Imposto+no+Configurador+de+Tributos
2026-05-25 17:04:20,861 | INFO | Mapeando (91/infinito, fila=31): https://tdn.totvs.com/display/PROT/CFGTRIB+-+INSS+Aposentadoria+Especial
2026-05-25 17:04:22,404 | INFO | Nenhum link filho encontrado em https://tdn.totvs.com/display/PROT/CFGTRIB+-+INSS+Aposentadoria+Especial
2026-05-25 17:04:22,408 | INFO | Mapeando (92/infinito, fila=30): https://tdn.totvs.com/pages/viewpage.action?pageId=1058458978
2026-05-25 17:04:23,956 | INFO | Nenhum link filho encontrado em https://tdn.totvs.com/pages/viewpage.action?pageId=1058458978
2026-05-25 17:04:23,959 | INFO | Mapeando (93/infinito, fila=29): https://tdn.totvs.com/pages/viewpage.action?pageId=932351237
2026-05-25 17:04:25,168 | INFO | Nenhum link filho encontrado em https://tdn.totvs.com/pages/viewpage.action?pageId=932351237
2026-05-25 17:04:25,172 | INFO | Mapeando (94/infinito, fila=28): https://tdn.totvs.com/display/PROT/CFGTRIB+-+Operando+-++Valor+Total+Auxiliar+do+Item
2026-05-25 17:04:26,634 | INFO | Nenhum link filho encontrado em https://tdn.totvs.com/display/PROT/CFGTRIB+-+Operando+-++Valor+Total+Auxiliar+do+Item
2026-05-25 17:04:26,637 | INFO | Mapeando (95/infinito, fila=27): https://tdn.totvs.com/display/PROT/CFGTRIB+-+Processo+de+Documento+Referenciado
2026-05-25 17:04:28,012 | INFO | Nenhum link filho encontrado em https://tdn.totvs.com/display/PROT/CFGTRIB+-+Processo+de+Documento+Referenciado
2026-05-25 17:04:28,018 | INFO | Mapeando (96/infinito, fila=26): https://tdn.totvs.com/pages/viewpage.action?pageId=863277889
2026-05-25 17:04:29,226 | INFO | Nenhum link filho encontrado em https://tdn.totvs.com/pages/viewpage.action?pageId=863277889
2026-05-25 17:04:29,232 | INFO | Mapeando (97/infinito, fila=25): https://tdn.totvs.com/display/PROT/CFGTRIB+-+Regra+por+NCM+-+Base+Dupla+para+DIFAL+e+FECP
2026-05-25 17:04:30,998 | INFO | Nenhum link filho encontrado em https://tdn.totvs.com/display/PROT/CFGTRIB+-+Regra+por+NCM+-+Base+Dupla+para+DIFAL+e+FECP
2026-05-25 17:04:31,003 | INFO | Mapeando (98/infinito, fila=24): https://tdn.totvs.com/display/PROT/CFGTRIB+-+Regra+por+NCM+-+Base+zero+-+ICMS+Outros+e+IPI+Isento
2026-05-25 17:04:32,596 | INFO | Nenhum link filho encontrado em https://tdn.totvs.com/display/PROT/CFGTRIB+-+Regra+por+NCM+-+Base+zero+-+ICMS+Outros+e+IPI+Isento
2026-05-25 17:04:32,602 | INFO | Mapeando (99/infinito, fila=23): https://tdn.totvs.com/pages/viewpage.action?pageId=976153553
2026-05-25 17:04:34,085 | INFO | Nenhum link filho encontrado em https://tdn.totvs.com/pages/viewpage.action?pageId=976153553
2026-05-25 17:04:34,089 | INFO | Mapeando (100/infinito, fila=22): https://tdn.totvs.com/pages/viewpage.action?pageId=1017417082
2026-05-25 17:04:35,620 | INFO | Nenhum link filho encontrado em https://tdn.totvs.com/pages/viewpage.action?pageId=1017417082
2026-05-25 17:04:35,622 | INFO | Mapeando (101/infinito, fila=21): https://tdn.totvs.com/pages/viewpage.action?pageId=942052674
2026-05-25 17:04:35,626 | INFO | Rotacionando pagina apos 100 URLs
2026-05-25 17:04:37,399 | INFO | Nenhum link filho encontrado em https://tdn.totvs.com/pages/viewpage.action?pageId=942052674
2026-05-25 17:04:37,402 | INFO | Mapeando (102/infinito, fila=20): https://tdn.totvs.com/pages/viewpage.action?pageId=976131903
2026-05-25 17:04:39,232 | INFO | Nenhum link filho encontrado em https://tdn.totvs.com/pages/viewpage.action?pageId=976131903
2026-05-25 17:04:39,236 | INFO | Mapeando (103/infinito, fila=19): https://tdn.totvs.com/pages/viewpage.action?pageId=979821878
2026-05-25 17:04:40,856 | INFO | Nenhum link filho encontrado em https://tdn.totvs.com/pages/viewpage.action?pageId=979821878
2026-05-25 17:04:40,858 | INFO | Mapeando (104/infinito, fila=18): https://tdn.totvs.com/display/PROT/CFGTRIB+-+Venda+para+ZFM+com+Desconto+de+ICMS%2C+Pis+e+Cofins%2C+com+ST
2026-05-25 17:04:42,439 | INFO | Nenhum link filho encontrado em https://tdn.totvs.com/display/PROT/CFGTRIB+-+Venda+para+ZFM+com+Desconto+de+ICMS%2C+Pis+e+Cofins%2C+com+ST
2026-05-25 17:04:42,442 | INFO | Mapeando (105/infinito, fila=17): https://tdn.totvs.com/pages/viewpage.action?pageId=935627295
2026-05-25 17:04:44,335 | INFO | Nenhum link filho encontrado em https://tdn.totvs.com/pages/viewpage.action?pageId=935627295
2026-05-25 17:04:44,340 | INFO | Mapeando (106/infinito, fila=16): https://tdn.totvs.com/pages/viewpage.action?pageId=930778968
2026-05-25 17:04:45,757 | INFO | Nenhum link filho encontrado em https://tdn.totvs.com/pages/viewpage.action?pageId=930778968
2026-05-25 17:04:45,762 | INFO | Mapeando (107/infinito, fila=15): https://tdn.totvs.com/display/PROT/CFGTRIB+-+Venda+para+ZFM+com+Impostos+Desonerados+%28ICMS%2C+PIS%2C+COFINS%29%2C+com+desconto+do+ICMS+nas+bases+de+PIS+e+COFINS
2026-05-25 17:04:47,603 | INFO | Nenhum link filho encontrado em https://tdn.totvs.com/display/PROT/CFGTRIB+-+Venda+para+ZFM+com+Impostos+Desonerados+%28ICMS%2C+PIS%2C+COFINS%29%2C+com+desconto+do+ICMS+nas+bases+de+PIS+e+COFINS
2026-05-25 17:04:47,606 | INFO | Mapeando (108/infinito, fila=14): https://tdn.totvs.com/display/PROT/CFGTRIB+-+Venda+para+ZFM+para+Consumidor+Final%2C+com+ICMS+Tributado+e+Desconto+de+Pis+e+Cofins+Desonerados+na+BC+do+ICMS
2026-05-25 17:04:48,961 | INFO | Nenhum link filho encontrado em https://tdn.totvs.com/display/PROT/CFGTRIB+-+Venda+para+ZFM+para+Consumidor+Final%2C+com+ICMS+Tributado+e+Desconto+de+Pis+e+Cofins+Desonerados+na+BC+do+ICMS
2026-05-25 17:04:48,966 | INFO | Mapeando (109/infinito, fila=13): https://tdn.totvs.com/display/PROT/CFGTRIB+-+Configurador+de+Tributos+-+Treinamento
2026-05-25 17:04:50,638 | INFO | Nenhum link filho encontrado em https://tdn.totvs.com/display/PROT/CFGTRIB+-+Configurador+de+Tributos+-+Treinamento
2026-05-25 17:04:50,643 | INFO | Mapeando (110/infinito, fila=12): https://tdn.totvs.com/pages/viewpage.action?pageId=1002495602
2026-05-25 17:04:52,197 | INFO | Nenhum link filho encontrado em https://tdn.totvs.com/pages/viewpage.action?pageId=1002495602
2026-05-25 17:04:52,200 | INFO | Mapeando (111/infinito, fila=11): https://tdn.totvs.com/pages/viewpage.action?pageId=985666435
2026-05-25 17:04:53,434 | INFO | Nenhum link filho encontrado em https://tdn.totvs.com/pages/viewpage.action?pageId=985666435
2026-05-25 17:04:53,437 | INFO | Mapeando (112/infinito, fila=10): https://tdn.totvs.com/pages/viewpage.action?pageId=1002495794
2026-05-25 17:04:54,721 | INFO | Nenhum link filho encontrado em https://tdn.totvs.com/pages/viewpage.action?pageId=1002495794
2026-05-25 17:04:54,726 | INFO | Mapeando (113/infinito, fila=9): https://tdn.totvs.com/pages/viewpage.action?pageId=990757174
2026-05-25 17:04:56,235 | INFO | Nenhum link filho encontrado em https://tdn.totvs.com/pages/viewpage.action?pageId=990757174
2026-05-25 17:04:56,240 | INFO | Mapeando (114/infinito, fila=8): https://tdn.totvs.com/display/PROT/CFGTRIB+-+Perfil+de+Origem+e+Destino
2026-05-25 17:04:57,996 | INFO | Nenhum link filho encontrado em https://tdn.totvs.com/display/PROT/CFGTRIB+-+Perfil+de+Origem+e+Destino
2026-05-25 17:04:58,000 | INFO | Mapeando (115/infinito, fila=7): https://tdn.totvs.com/display/PROT/CFGTRIB+-+Perfil+de+Participante
2026-05-25 17:04:59,512 | INFO | Nenhum link filho encontrado em https://tdn.totvs.com/display/PROT/CFGTRIB+-+Perfil+de+Participante
2026-05-25 17:04:59,673 | INFO | Mapeando (116/infinito, fila=6): https://tdn.totvs.com/display/PROT/CFGTRIB+-+Perfil+de+Produto
2026-05-25 17:05:01,180 | INFO | Nenhum link filho encontrado em https://tdn.totvs.com/display/PROT/CFGTRIB+-+Perfil+de+Produto
2026-05-25 17:05:01,184 | INFO | Mapeando (117/infinito, fila=5): https://tdn.totvs.com/display/PROT/CFGTRIB+-+Regra+de+Ajustes
2026-05-25 17:05:02,776 | INFO | Nenhum link filho encontrado em https://tdn.totvs.com/display/PROT/CFGTRIB+-+Regra+de+Ajustes
2026-05-25 17:05:02,779 | INFO | Mapeando (118/infinito, fila=4): https://tdn.totvs.com/pages/viewpage.action?pageId=1002495079
2026-05-25 17:05:04,077 | INFO | Nenhum link filho encontrado em https://tdn.totvs.com/pages/viewpage.action?pageId=1002495079
2026-05-25 17:05:04,079 | INFO | Mapeando (119/infinito, fila=3): https://tdn.totvs.com/pages/viewpage.action?pageId=1002495124
2026-05-25 17:05:05,528 | INFO | Nenhum link filho encontrado em https://tdn.totvs.com/pages/viewpage.action?pageId=1002495124
2026-05-25 17:05:05,532 | INFO | Mapeando (120/infinito, fila=2): https://tdn.totvs.com/pages/viewpage.action?pageId=1002495259
2026-05-25 17:05:07,215 | INFO | Nenhum link filho encontrado em https://tdn.totvs.com/pages/viewpage.action?pageId=1002495259
2026-05-25 17:05:07,218 | INFO | Mapeando (121/infinito, fila=1): https://tdn.totvs.com/pages/viewpage.action?pageId=1002489847
2026-05-25 17:05:08,898 | INFO | Nenhum link filho encontrado em https://tdn.totvs.com/pages/viewpage.action?pageId=1002489847
2026-05-25 17:05:08,901 | INFO | Mapeando (122/infinito, fila=0): https://tdn.totvs.com/display/PROT/CFGTRIB+-+Regras+de+NCM
2026-05-25 17:05:10,585 | INFO | Nenhum link filho encontrado em https://tdn.totvs.com/display/PROT/CFGTRIB+-+Regras+de+NCM
2026-05-25 17:05:11,053 | INFO | Crawl finalizado: 122 pagina(s) mapeada(s), 0 lenta(s).
2026-05-25 17:05:11,055 | INFO | Exportador PDF: 120s total/pagina | 30s DOM | slow >= 60s
2026-05-25 17:05:14,548 | INFO | PDF gerado (1/122) em 2.6s (130.5 KB): 0001-cfgtrib-configurador-de-tributos-p12-linha-microsiga-protheus-tdn.pdf
2026-05-25 17:05:17,113 | INFO | PDF gerado (2/122) em 2.6s (929.9 KB): 0002-central-de-diagnstico-reforma-tributria-configuraes-mnimas-linha-micros-a24a2fbe.pdf
2026-05-25 17:05:19,677 | INFO | PDF gerado (3/122) em 2.6s (901.5 KB): 0003-cfgtrib-adequao-do-configurador-de-tributos-aos-cdigos-de-classificao-t-e6daf85b.pdf
2026-05-25 17:05:21,349 | INFO | PDF gerado (4/122) em 1.7s (89.3 KB): 0004-cfgtrib-ajustes-de-lanamento-no-configurador-de-tributos-linha-microsig-2daf79eb.pdf
2026-05-25 17:05:22,218 | INFO | PDF gerado (5/122) em 0.9s (83.2 KB): 0005-cfgtrib-boas-prticas-guia-de-utilizao-do-configurador-de-tributos-linha-3b6da0fb.pdf
2026-05-25 17:05:24,855 | INFO | PDF gerado (6/122) em 2.6s (921.6 KB): 0006-cfgtrib-cadastro-de-mensagens-no-documento-fiscal-linha-microsiga-protheus-tdn.pdf
2026-05-25 17:05:27,201 | INFO | PDF gerado (7/122) em 2.3s (965.6 KB): 0007-cfgtrib-cadastro-e-apurao-cdigo-ipm-linha-microsiga-protheus-tdn.pdf
2026-05-25 17:05:29,517 | INFO | PDF gerado (8/122) em 2.3s (130.3 KB): 0008-cfgtrib-clculos-no-configurador-de-tributos-linha-microsiga-protheus-tdn.pdf
2026-05-25 17:05:30,554 | INFO | PDF gerado (9/122) em 1.0s (91.1 KB): 0009-cfgtrib-campos-do-cadastro-de-tipos-de-entrada-e-sada-descontinuados-em-2cbf9cc2.pdf
2026-05-25 17:05:32,060 | INFO | PDF gerado (10/122) em 1.5s (366.3 KB): 0010-cfgtrib-campos-que-permanecem-no-tes-documentao-em-construo-linha-micro-b01f9404.pdf
2026-05-25 17:05:33,923 | INFO | PDF gerado (11/122) em 1.9s (301.5 KB): 0011-cfgtrib-compartilhamento-de-tabelas-linha-microsiga-protheus-tdn.pdf
2026-05-25 17:05:44,012 | INFO | PDF gerado (12/122) em 10.1s (5452.6 KB): 0012-cfgtrib-configurador-de-tributos-linha-microsiga-protheus-tdn.pdf
2026-05-25 17:05:46,048 | INFO | PDF gerado (13/122) em 2.0s (694.6 KB): 0013-cfgtrib-dados-adicionais-linha-microsiga-protheus-tdn.pdf
2026-05-25 17:05:47,396 | INFO | PDF gerado (14/122) em 1.3s (88.9 KB): 0014-cfgtrib-guia-prtico-configurador-de-tributos-linha-microsiga-protheus-tdn.pdf
2026-05-25 17:05:48,985 | INFO | PDF gerado (15/122) em 1.6s (735.2 KB): 0015-cfgtrib-indicadores-da-operao-indop-linha-microsiga-protheus-tdn.pdf
2026-05-25 17:05:50,660 | INFO | PDF gerado (16/122) em 1.7s (517.0 KB): 0016-cfgtrib-integrao-dos-tributos-legados-com-o-configurador-de-tributos-pa-5ab8a69f.pdf
2026-05-25 17:05:52,773 | INFO | PDF gerado (17/122) em 2.1s (488.3 KB): 0017-cfgtrib-mecanismo-de-aprovao-de-regra-linha-microsiga-protheus-tdn.pdf
2026-05-25 17:05:54,747 | INFO | PDF gerado (18/122) em 2.0s (648.9 KB): 0018-cfgtrib-otimizador-de-perfis-tributrios-participantes-linha-microsiga-p-55cbd12f.pdf
2026-05-25 17:05:59,626 | INFO | PDF gerado (19/122) em 4.9s (2123.4 KB): 0019-cfgtrib-otimizador-de-perfis-tributrios-produtos-linha-microsiga-protheus-tdn.pdf
2026-05-25 17:06:00,852 | INFO | PDF gerado (20/122) em 1.2s (92.3 KB): 0020-cfgtrib-perfil-de-operao-poltica-do-tributo-para-documentos-que-possuem-c5e70c8f.pdf
2026-05-25 17:06:02,302 | INFO | PDF gerado (21/122) em 1.4s (149.6 KB): 0021-cfgtrib-perguntas-e-respostas-configurador-de-tributos-linha-microsiga--7a35d89a.pdf
2026-05-25 17:06:04,727 | INFO | PDF gerado (22/122) em 2.4s (1081.4 KB): 0022-cfgtrib-simulador-comparativo-linha-microsiga-protheus-tdn.pdf
2026-05-25 17:06:06,816 | INFO | PDF gerado (23/122) em 2.1s (1230.7 KB): 0023-cfgtrib-simulador-de-operao-linha-microsiga-protheus-tdn.pdf
2026-05-25 17:06:09,773 | INFO | PDF gerado (24/122) em 3.0s (900.0 KB): 0024-cfgtrib-frete-pauta-considerado-nos-registros-c195-e-c197-linha-microsi-44819650.pdf
2026-05-25 17:06:11,531 | INFO | PDF gerado (25/122) em 1.8s (572.6 KB): 0025-cfgtrib-fundo-de-reforma-do-estado-rio-grande-do-sul-in-030-24-linha-mi-964fcc49.pdf
2026-05-25 17:06:15,141 | INFO | PDF gerado (26/122) em 3.6s (921.1 KB): 0026-cfgtrib-icms-complementar-com-cdigo-de-ajuste-de-lanamento-linha-micros-63f1bc54.pdf
2026-05-25 17:06:17,999 | INFO | PDF gerado (27/122) em 2.9s (1793.0 KB): 0027-cfgtrib-lanamento-cat-66-2018-linha-microsiga-protheus-tdn.pdf
2026-05-25 17:06:24,771 | INFO | PDF gerado (28/122) em 6.8s (844.6 KB): 0028-cfgtrib-cadastro-de-perfis-do-configurador-de-tributos-boas-prticas-lin-22a14489.pdf
2026-05-25 17:06:27,360 | INFO | PDF gerado (29/122) em 2.6s (762.9 KB): 0029-cfgtrib-cadastro-de-regras-de-clculo-no-configurador-de-tributos-boas-p-7fbf5e47.pdf
2026-05-25 17:06:28,513 | INFO | PDF gerado (30/122) em 1.1s (86.0 KB): 0030-cfgtrib-campos-da-tes-linha-microsiga-protheus-tdn.pdf
2026-05-25 17:06:29,591 | INFO | PDF gerado (31/122) em 1.1s (91.2 KB): 0031-cfgtrib-difal-e-icms-complementar-clculos-no-configurador-de-tributos-l-ee1ba17e.pdf
2026-05-25 17:06:30,923 | INFO | PDF gerado (32/122) em 1.3s (88.7 KB): 0032-cfgtrib-fundos-e-contribuies-clculos-no-configurador-de-tributos-linha--62cf6fae.pdf
2026-05-25 17:06:31,871 | INFO | PDF gerado (33/122) em 0.9s (86.1 KB): 0033-cfgtrib-icms-monofsico-clculos-no-configurador-de-tributos-linha-micros-a593503e.pdf
2026-05-25 17:06:33,271 | INFO | PDF gerado (34/122) em 1.4s (95.4 KB): 0034-cfgtrib-icms-prprio-clculos-no-configurador-de-tributos-linha-microsiga-6150dd91.pdf
2026-05-25 17:06:34,364 | INFO | PDF gerado (35/122) em 1.1s (88.4 KB): 0035-cfgtrib-icms-st-clculos-no-configurador-de-tributos-linha-microsiga-protheus-tdn.pdf
2026-05-25 17:06:35,314 | INFO | PDF gerado (36/122) em 0.9s (91.5 KB): 0036-cfgtrib-operaes-de-servio-clculos-no-configurador-de-tributos-linha-mic-9db09f69.pdf
2026-05-25 17:06:36,307 | INFO | PDF gerado (37/122) em 1.0s (93.8 KB): 0037-cfgtrib-outros-clculos-no-configurador-de-tributos-linha-microsiga-protheus-tdn.pdf
2026-05-25 17:06:37,247 | INFO | PDF gerado (38/122) em 0.9s (79.2 KB): 0038-cfgtrib-regras-por-ncm-linha-microsiga-protheus-tdn.pdf
2026-05-25 17:06:38,201 | INFO | PDF gerado (39/122) em 0.9s (85.0 KB): 0039-cfgtrib-zona-franca-de-manaus-linha-microsiga-protheus-tdn.pdf
2026-05-25 17:06:39,435 | INFO | PDF gerado (40/122) em 1.2s (85.8 KB): 0040-1-introduo-linha-microsiga-protheus-tdn.pdf
2026-05-25 17:06:40,778 | INFO | PDF gerado (41/122) em 1.3s (87.2 KB): 0041-2-o-que-o-configurador-de-tributos-linha-microsiga-protheus-tdn.pdf
2026-05-25 17:06:42,265 | INFO | PDF gerado (42/122) em 1.5s (128.5 KB): 0042-3-acesso-a-rotina-linha-microsiga-protheus-tdn.pdf
2026-05-25 17:06:43,624 | INFO | PDF gerado (43/122) em 1.4s (170.5 KB): 0043-4-estrutura-da-rotina-linha-microsiga-protheus-tdn.pdf
2026-05-25 17:06:47,128 | INFO | PDF gerado (44/122) em 3.5s (2117.3 KB): 0044-5-cadastros-linha-microsiga-protheus-tdn.pdf
2026-05-25 17:06:50,840 | INFO | PDF gerado (45/122) em 3.7s (2012.7 KB): 0045-6-perfis-linha-microsiga-protheus-tdn.pdf
2026-05-25 17:06:51,806 | INFO | PDF gerado (46/122) em 1.0s (98.4 KB): 0046-how-to-configurador-de-tributos-linha-microsiga-protheus-tdn.pdf
2026-05-25 17:06:52,676 | INFO | PDF gerado (47/122) em 0.9s (81.0 KB): 0047-f4_agreg-linha-microsiga-protheus-tdn.pdf
2026-05-25 17:06:54,878 | INFO | PDF gerado (48/122) em 2.2s (738.0 KB): 0048-cfgtrib-clculo-de-difal-com-base-dupla-para-contribuinte-linha-microsig-007d4b3a.pdf
2026-05-25 17:06:56,945 | INFO | PDF gerado (49/122) em 2.1s (809.1 KB): 0049-cfgtrib-clculo-de-diferencial-de-alquota-com-ipi-somado-a-base-nica-lin-e1fa25b5.pdf
2026-05-25 17:06:59,401 | INFO | PDF gerado (50/122) em 2.5s (1005.6 KB): 0050-cfgtrib-clculo-de-diferencial-de-alquotas-convnio-icms-52-91-linha-micr-e868472b.pdf
2026-05-25 17:06:59,404 | INFO | Rotacionando pagina apos 50 URLs
2026-05-25 17:07:02,315 | INFO | PDF gerado (51/122) em 2.8s (542.3 KB): 0051-cfgtrib-clculo-difal-base-simples-linha-microsiga-protheus-tdn.pdf
2026-05-25 17:07:05,550 | INFO | PDF gerado (52/122) em 3.2s (1202.1 KB): 0052-cfgtrib-icms-ms-diferencial-de-alquotas-operaes-entre-contribuintes-e-n-63d2c47e.pdf
2026-05-25 17:07:07,467 | INFO | PDF gerado (53/122) em 1.9s (560.3 KB): 0053-cfgtrib-cide-contribuio-de-interveno-no-domnio-econmico-linha-microsiga-b4cca77d.pdf
2026-05-25 17:07:09,752 | INFO | PDF gerado (54/122) em 2.3s (960.1 KB): 0054-cfgtrib-facs-e-fethab-linha-microsiga-protheus-tdn.pdf
2026-05-25 17:07:13,269 | INFO | PDF gerado (55/122) em 3.5s (1628.2 KB): 0055-cfgtrib-fase-mato-grosso-linha-microsiga-protheus-tdn.pdf
2026-05-25 17:07:18,089 | INFO | PDF gerado (56/122) em 4.8s (1892.4 KB): 0056-cfgtrib-fundersul-alquota-com-base-na-unidade-de-referncia-fiscal-urf-l-419e99e8.pdf
2026-05-25 17:07:23,869 | INFO | PDF gerado (57/122) em 5.8s (1849.5 KB): 0057-cfgtrib-fundersul-base-de-clculo-com-reduo-linha-microsiga-protheus-tdn.pdf
2026-05-25 17:07:29,130 | INFO | PDF gerado (58/122) em 5.3s (1849.2 KB): 0058-cfgtrib-funrural-linha-microsiga-protheus-tdn.pdf
2026-05-25 17:07:31,563 | INFO | PDF gerado (59/122) em 2.4s (887.2 KB): 0059-cfgtrib-clculo-de-icms-monofsico-com-mais-de-uma-incidncia-de-escritura-8460a783.pdf
2026-05-25 17:07:35,464 | INFO | PDF gerado (60/122) em 3.9s (1962.3 KB): 0060-cfgtrib-clculo-de-icms-monofsico-lei-complementar-192-2022-linha-micros-6f51eb8b.pdf
2026-05-25 17:07:37,207 | INFO | PDF gerado (61/122) em 1.7s (318.0 KB): 0061-cfgtrib-clculo-de-icms-outros-com-o-valor-de-icms-st-recolhido-anterior-be7bc4d7.pdf
2026-05-25 17:07:39,649 | INFO | PDF gerado (62/122) em 2.4s (1248.3 KB): 0062-cfgtrib-clculo-de-icms-tributado-considerando-o-ipi-na-base-de-clculo-l-3ec0d6a7.pdf
2026-05-25 17:07:42,958 | INFO | PDF gerado (63/122) em 3.3s (1313.0 KB): 0063-cfgtrib-clculo-de-pis-e-cofins-com-excluso-do-icms-destacado-da-base-da-126325ce.pdf
2026-05-25 17:07:44,986 | INFO | PDF gerado (64/122) em 2.0s (348.1 KB): 0064-cfgtrib-crdito-presumido-de-icms-linha-microsiga-protheus-tdn.pdf
2026-05-25 17:07:47,357 | INFO | PDF gerado (65/122) em 2.4s (1214.3 KB): 0065-cfgtrib-deduo-somente-do-icms-prprio-da-base-de-clculo-de-pis-e-base-de-71f2b9c1.pdf
2026-05-25 17:07:49,782 | INFO | PDF gerado (66/122) em 2.4s (1043.8 KB): 0066-cfgtrib-diferimento-total-e-parcial-linha-microsiga-protheus-tdn.pdf
2026-05-25 17:07:52,948 | INFO | PDF gerado (67/122) em 3.2s (1625.6 KB): 0067-cfgtrib-excluso-do-icms-da-bc-do-pis-e-da-cofins-valor-total-conforme-v-6065fab4.pdf
2026-05-25 17:07:55,369 | INFO | PDF gerado (68/122) em 2.4s (678.0 KB): 0068-cfgtrib-icms-com-base-e-alquota-zero-em-operao-de-transferncia-entre-fi-123ad3f0.pdf
2026-05-25 17:07:58,908 | INFO | PDF gerado (69/122) em 3.5s (1283.7 KB): 0069-cfgtrib-icms-com-diferimento-e-fecp-operao-interna-rj-linha-microsiga-p-d8671297.pdf
2026-05-25 17:08:00,764 | INFO | PDF gerado (70/122) em 1.8s (650.2 KB): 0070-cfgtrib-icms-de-frete-autnomo-com-a-utilizao-de-pauta-pelo-configurador-3622b07b.pdf
2026-05-25 17:08:03,546 | INFO | PDF gerado (71/122) em 2.8s (654.4 KB): 0071-cfgtrib-icms-desonerado-deduzido-do-total-do-documento-fiscal-linha-mic-a5922bd6.pdf
2026-05-25 17:08:05,182 | INFO | PDF gerado (72/122) em 1.6s (643.7 KB): 0072-complemento-de-icms-com-ibs-e-cbs-linha-microsiga-protheus-tdn.pdf
2026-05-25 17:08:08,147 | INFO | PDF gerado (73/122) em 3.0s (1232.9 KB): 0073-cfgtrib-antecipao-tributria-icms-st-ricms-sp-2000-linha-microsiga-protheus-tdn.pdf
2026-05-25 17:08:10,829 | INFO | PDF gerado (74/122) em 2.7s (1069.0 KB): 0074-cfgtrib-clculo-de-icms-st-linha-microsiga-protheus-tdn.pdf
2026-05-25 17:08:15,336 | INFO | PDF gerado (75/122) em 4.5s (1641.1 KB): 0075-cfgtrib-clculo-de-icms-st-com-reduo-de-base-de-clculo-e-compensao-de-cr-6755df27.pdf
2026-05-25 17:08:17,056 | INFO | PDF gerado (76/122) em 1.7s (453.2 KB): 0076-cfgtrib-clculo-icms-st-por-pauta-com-mva-linha-microsiga-protheus-tdn.pdf
2026-05-25 17:08:17,834 | INFO | PDF gerado (77/122) em 0.8s (94.9 KB): 0077-cfgtrib-clculo-zona-franca-de-manaus-com-icms-st-e-desconto-de-pis-e-co-776b2836.pdf
2026-05-25 17:08:21,506 | INFO | PDF gerado (78/122) em 3.7s (1708.3 KB): 0078-cfgtrib-clculo-de-impostos-retidos-na-fonte-em-prestaes-de-servios-linh-0feac8e3.pdf
2026-05-25 17:08:23,972 | INFO | PDF gerado (79/122) em 2.5s (639.2 KB): 0079-cfgtrib-clculo-de-pis-cofins-com-adio-de-iss-na-base-de-clculo-servio-d-7c759b8b.pdf
2026-05-25 17:08:27,592 | INFO | PDF gerado (80/122) em 3.6s (2092.9 KB): 0080-cfgtrib-clculo-de-pis-e-cofins-importao-com-excluso-do-iss-na-base-de-c-0bb4508f.pdf
2026-05-25 17:08:29,797 | INFO | PDF gerado (81/122) em 2.2s (550.6 KB): 0081-cfgtrib-cdigo-de-servio-iss-por-perfil-de-operao-linha-microsiga-protheus-tdn.pdf
2026-05-25 17:08:31,518 | INFO | PDF gerado (82/122) em 1.7s (533.5 KB): 0082-cfgtrib-perfis-regras-no-configurador-de-tributos-para-substituio-de-bp-05b31d57.pdf
2026-05-25 17:08:33,755 | INFO | PDF gerado (83/122) em 2.2s (746.3 KB): 0083-cfgtrib-clculo-de-estorno-de-crdito-de-icms-em-operao-de-revenda-linha--226b26e3.pdf
2026-05-25 17:08:38,135 | INFO | PDF gerado (84/122) em 4.4s (2288.6 KB): 0084-cfgtrib-clculo-de-importao-estado-do-paran-linha-microsiga-protheus-tdn.pdf
2026-05-25 17:08:41,013 | INFO | PDF gerado (85/122) em 2.9s (627.3 KB): 0085-cfgtrib-clculo-estorno-de-crditos-de-icms-em-operaes-de-produtos-com-es-42ebb936.pdf
2026-05-25 17:08:42,577 | INFO | PDF gerado (86/122) em 1.6s (1055.5 KB): 0086-cfgtrib-clculo-ipi-comrcio-no-atacadista-linha-microsiga-protheus-tdn.pdf
2026-05-25 17:08:44,750 | INFO | PDF gerado (87/122) em 2.2s (619.9 KB): 0087-cfgtrib-clculo-por-pauta-bebidas-frias-linha-microsiga-protheus-tdn.pdf
2026-05-25 17:08:48,241 | INFO | PDF gerado (88/122) em 3.5s (1479.0 KB): 0088-cfgtrib-clculos-realizados-via-configurador-de-tributos-com-e-sem-amarr-d96908e5.pdf
2026-05-25 17:08:49,568 | INFO | PDF gerado (89/122) em 1.3s (91.0 KB): 0089-cfgtrib-clculo-zona-franca-de-manaus-com-impostos-desonerados-descontad-02a181d5.pdf
2026-05-25 17:08:51,724 | INFO | PDF gerado (90/122) em 2.1s (307.3 KB): 0090-cfgtrib-complemento-de-imposto-no-configurador-de-tributos-linha-micros-8c21ce15.pdf
2026-05-25 17:08:54,985 | INFO | PDF gerado (91/122) em 3.3s (987.2 KB): 0091-cfgtrib-inss-aposentadoria-especial-linha-microsiga-protheus-tdn.pdf
2026-05-25 17:08:57,207 | INFO | PDF gerado (92/122) em 2.2s (537.4 KB): 0092-cfgtrib-operaes-com-cbenef-diferentes-para-mesmo-cfop-e-cst-linha-micro-6b528c0a.pdf
2026-05-25 17:08:58,987 | INFO | PDF gerado (93/122) em 1.8s (1211.3 KB): 0093-cfgtrib-operandos-de-integrao-linha-microsiga-protheus-tdn.pdf
2026-05-25 17:09:00,072 | INFO | PDF gerado (94/122) em 1.1s (92.9 KB): 0094-cfgtrib-operando-valor-total-auxiliar-do-item-linha-microsiga-protheus-tdn.pdf
2026-05-25 17:09:02,827 | INFO | PDF gerado (95/122) em 2.7s (700.1 KB): 0095-cfgtrib-processo-de-documento-referenciado-linha-microsiga-protheus-tdn.pdf
2026-05-25 17:09:05,451 | INFO | PDF gerado (96/122) em 2.6s (770.1 KB): 0096-cfgtrib-tributao-do-ipi-sobre-o-valor-da-diferena-entre-aquisio-e-reven-704449ef.pdf
2026-05-25 17:09:09,789 | INFO | PDF gerado (97/122) em 4.3s (1406.1 KB): 0097-cfgtrib-regra-por-ncm-base-dupla-para-difal-e-fecp-linha-microsiga-protheus-tdn.pdf
2026-05-25 17:09:13,217 | INFO | PDF gerado (98/122) em 3.4s (963.4 KB): 0098-cfgtrib-regra-por-ncm-base-zero-icms-outros-e-ipi-isento-linha-microsig-ff095963.pdf
2026-05-25 17:09:15,907 | INFO | PDF gerado (99/122) em 2.7s (847.5 KB): 0099-cfgtrib-regra-por-ncm-clculo-de-icms-st-por-mva-utilizando-clculo-de-pa-f2bca7f9.pdf
2026-05-25 17:09:17,765 | INFO | PDF gerado (100/122) em 1.8s (506.0 KB): 0100-cfgtrib-regra-por-ncm-campo-ex-tarifrio-linha-microsiga-protheus-tdn.pdf
2026-05-25 17:09:17,768 | INFO | Rotacionando pagina apos 100 URLs
2026-05-25 17:09:21,259 | INFO | PDF gerado (101/122) em 3.4s (1286.5 KB): 0101-cfgtrib-regra-por-ncm-margem-de-valor-agregado-e-alquota-do-tributo-lin-1845c7de.pdf
2026-05-25 17:09:24,534 | INFO | PDF gerado (102/122) em 3.3s (916.3 KB): 0102-cfgtrib-regra-por-ncm-para-clculo-de-pauta-icms-st-utilizando-unidades--34c961d7.pdf
2026-05-25 17:09:29,298 | INFO | PDF gerado (103/122) em 4.8s (1197.1 KB): 0103-cfgtrib-venda-para-zfm-apenas-com-desconto-de-icms-e-clculo-de-pis-e-co-4c79110c.pdf
2026-05-25 17:09:33,649 | INFO | PDF gerado (104/122) em 4.3s (1607.0 KB): 0104-cfgtrib-venda-para-zfm-com-desconto-de-icms-pis-e-cofins-com-st-linha-m-1e13bc54.pdf
2026-05-25 17:09:36,685 | INFO | PDF gerado (105/122) em 3.0s (2857.9 KB): 0105-cfgtrib-venda-para-zfm-com-icms-tributado-e-pis-cofins-desonerados-linh-bce2e257.pdf
2026-05-25 17:09:40,936 | INFO | PDF gerado (106/122) em 4.2s (1868.3 KB): 0106-cfgtrib-venda-para-zfm-com-impostos-desonerados-icms-pis-cofins-linha-m-302fce2c.pdf
2026-05-25 17:09:44,896 | INFO | PDF gerado (107/122) em 4.0s (1504.6 KB): 0107-cfgtrib-venda-para-zfm-com-impostos-desonerados-icms-pis-cofins-com-des-d648c473.pdf
2026-05-25 17:09:48,177 | INFO | PDF gerado (108/122) em 3.3s (1392.8 KB): 0108-cfgtrib-venda-para-zfm-para-consumidor-final-com-icms-tributado-e-desco-4f2eebc3.pdf
2026-05-25 17:09:50,267 | INFO | PDF gerado (109/122) em 2.1s (156.7 KB): 0109-cfgtrib-configurador-de-tributos-treinamento-linha-microsiga-protheus-tdn.pdf
2026-05-25 17:09:54,261 | INFO | PDF gerado (110/122) em 4.0s (350.4 KB): 0110-cfgtrib-exemplos-de-clculo-linha-microsiga-protheus-tdn.pdf
2026-05-25 17:09:56,259 | INFO | PDF gerado (111/122) em 2.0s (160.8 KB): 0111-cfgtrib-introduo-aos-perfis-linha-microsiga-protheus-tdn.pdf
2026-05-25 17:09:59,810 | INFO | PDF gerado (112/122) em 3.5s (437.5 KB): 0112-cfgtrib-outras-configuraes-linha-microsiga-protheus-tdn.pdf
2026-05-25 17:10:01,553 | INFO | PDF gerado (113/122) em 1.7s (162.4 KB): 0113-cfgtrib-perfil-de-operao-linha-microsiga-protheus-tdn.pdf
2026-05-25 17:10:03,144 | INFO | PDF gerado (114/122) em 1.6s (150.6 KB): 0114-cfgtrib-perfil-de-origem-e-destino-linha-microsiga-protheus-tdn.pdf
2026-05-25 17:10:05,405 | INFO | PDF gerado (115/122) em 2.3s (211.7 KB): 0115-cfgtrib-perfil-de-participante-linha-microsiga-protheus-tdn.pdf
2026-05-25 17:10:08,091 | INFO | PDF gerado (116/122) em 2.7s (270.1 KB): 0116-cfgtrib-perfil-de-produto-linha-microsiga-protheus-tdn.pdf
2026-05-25 17:10:10,545 | INFO | PDF gerado (117/122) em 2.4s (224.6 KB): 0117-cfgtrib-regra-de-ajustes-linha-microsiga-protheus-tdn.pdf
2026-05-25 17:10:12,622 | INFO | PDF gerado (118/122) em 2.1s (166.6 KB): 0118-cfgtrib-regra-de-alquota-linha-microsiga-protheus-tdn.pdf
2026-05-25 17:10:14,928 | INFO | PDF gerado (119/122) em 2.3s (222.8 KB): 0119-cfgtrib-regra-de-base-de-clculo-linha-microsiga-protheus-tdn.pdf
2026-05-25 17:10:16,747 | INFO | PDF gerado (120/122) em 1.8s (162.4 KB): 0120-cfgtrib-regra-de-clculo-linha-microsiga-protheus-tdn.pdf
2026-05-25 17:10:19,104 | INFO | PDF gerado (121/122) em 2.4s (287.6 KB): 0121-cfgtrib-regras-de-escriturao-linha-microsiga-protheus-tdn.pdf
2026-05-25 17:10:21,480 | INFO | PDF gerado (122/122) em 2.4s (226.1 KB): 0122-cfgtrib-regras-de-ncm-linha-microsiga-protheus-tdn.pdf
2026-05-25 17:10:27,773 | INFO | PDF consolidado gerado: C:\Users\andre.francisco\Desktop\GitHub (Repositorios)\Extrator_TDN_Totvs\output\CFGTRIB\TDN_TOTVS_consolidado.pdf (122 entradas, 0 ignoradas)
2026-05-25 17:10:27,775 | INFO | Resumo: 122 URL(s), 122 PDF(s), 0 falha(s), 0 lenta(s), tempo total 8min 20s
